[shreethemes.in/doctris/layouts/landing/index-three.html]
[backblue.gif]
[fade.gif]
[index.html]
[shreethemes.in/doctris/layouts/assets/css/bootstrap.min.css]
[shreethemes.in/doctris/layouts/assets/css/tiny-slider.css]
[shreethemes.in/doctris/layouts/assets/css/select2.min.css]
[shreethemes.in/doctris/layouts/assets/css/flatpickr.min.css]
[shreethemes.in/doctris/layouts/assets/css/jquery.timepicker.min.css]
[shreethemes.in/doctris/layouts/assets/css/materialdesignicons.min.css]
[shreethemes.in/doctris/layouts/assets/css/remixicon.css]
[unicons.iconscout.com/release/v3.0.6/css/line.css]
[shreethemes.in/doctris/layouts/assets/css/style.min.css]
[shreethemes.in/doctris/layouts/landing/index.html]
[shreethemes.in/doctris/layouts/assets/images/logo-dark.png]
[shreethemes.in/doctris/layouts/assets/images/logo-light.png]
[shreethemes.in/doctris/layouts/assets/images/doctors/01.jpg]
[shreethemes.in/doctris/layouts/landing/doctor-profile.html]
[shreethemes.in/doctris/layouts/landing/doctor-dashboard.html]
[shreethemes.in/doctris/layouts/landing/doctor-profile-setting.html]
[shreethemes.in/doctris/layouts/landing/login.html]
[shreethemes.in/doctris/layouts/landing/index-two.html]
[shreethemes.in/doctris/layouts/landing/doctor-appointment.html]
[shreethemes.in/doctris/layouts/landing/patient-list.html]
[shreethemes.in/doctris/layouts/landing/doctor-schedule.html]
[shreethemes.in/doctris/layouts/landing/invoices.html]
[shreethemes.in/doctris/layouts/landing/patient-review.html]
[shreethemes.in/doctris/layouts/landing/doctor-messages.html]
[shreethemes.in/doctris/layouts/landing/doctor-chat.html]
[shreethemes.in/doctris/layouts/landing/signup.html]
[shreethemes.in/doctris/layouts/landing/forgot-password.html]
[shreethemes.in/doctris/layouts/landing/doctor-team-one.html]
[shreethemes.in/doctris/layouts/landing/doctor-team-two.html]
[shreethemes.in/doctris/layouts/landing/doctor-team-three.html]
[shreethemes.in/doctris/layouts/landing/patient-dashboard.html]
[shreethemes.in/doctris/layouts/landing/patient-profile.html]
[shreethemes.in/doctris/layouts/landing/booking-appointment.html]
[shreethemes.in/doctris/layouts/landing/patient-invoice.html]
[shreethemes.in/doctris/layouts/landing/pharmacy.html]
[shreethemes.in/doctris/layouts/landing/pharmacy-shop.html]
[shreethemes.in/doctris/layouts/landing/pharmacy-product-detail.html]
[shreethemes.in/doctris/layouts/landing/pharmacy-shop-cart.html]
[shreethemes.in/doctris/layouts/landing/pharmacy-checkout.html]
[shreethemes.in/doctris/layouts/landing/pharmacy-account.html]
[shreethemes.in/doctris/layouts/landing/aboutus.html]
[shreethemes.in/doctris/layouts/landing/departments.html]
[shreethemes.in/doctris/layouts/landing/faqs.html]
[shreethemes.in/doctris/layouts/landing/blogs.html]
[shreethemes.in/doctris/layouts/landing/blog-detail.html]
[shreethemes.in/doctris/layouts/landing/terms.html]
[shreethemes.in/doctris/layouts/landing/privacy.html]
[shreethemes.in/doctris/layouts/landing/error.html]
[shreethemes.in/doctris/layouts/landing/contact.html]
[shreethemes.in/doctris/layouts/assets/images/logo-icon.png]
[shreethemes.in/doctris/layouts/assets/images/about/about-2.png]
[shreethemes.in/doctris/layouts/assets/images/bg/05.jpg]
[shreethemes.in/doctris/layouts/assets/images/client/01.jpg]
[shreethemes.in/doctris/layouts/assets/images/client/02.jpg]
[shreethemes.in/doctris/layouts/assets/images/client/03.jpg]
[shreethemes.in/doctris/layouts/assets/images/client/04.jpg]
[shreethemes.in/doctris/layouts/assets/images/client/05.jpg]
[shreethemes.in/doctris/layouts/assets/images/client/06.jpg]
[shreethemes.in/doctris/layouts/assets/images/client/amazon.png]
[shreethemes.in/doctris/layouts/assets/images/client/google.png]
[shreethemes.in/doctris/layouts/assets/images/client/lenovo.png]
[shreethemes.in/doctris/layouts/assets/images/client/paypal.png]
[shreethemes.in/doctris/layouts/assets/images/client/shopify.png]
[shreethemes.in/doctris/layouts/assets/images/client/spotify.png]
[shreethemes.in/doctris/layouts/assets/images/doctors/02.jpg]
[shreethemes.in/doctris/layouts/assets/images/doctors/03.jpg]
[shreethemes.in/doctris/layouts/assets/images/doctors/04.jpg]
[shreethemes.in/doctris/layouts/assets/images/layouts/landing-light-rtl.png]
[shreethemes.in/doctris/layouts/assets/images/layouts/landing-light.png]
[shreethemes.in/doctris/layouts/assets/images/layouts/landing-dark-rtl.png]
[shreethemes.in/doctris/layouts/assets/images/layouts/landing-dark.png]
[shreethemes.in/doctris/layouts/assets/images/layouts/light-dash.png]
[shreethemes.in/doctris/layouts/assets/js/jquery.min.js]
[shreethemes.in/doctris/layouts/assets/js/bootstrap.bundle.min.js]
[shreethemes.in/doctris/layouts/assets/js/tiny-slider.js]
[shreethemes.in/doctris/layouts/assets/js/tiny-slider-init.js]
[shreethemes.in/doctris/layouts/assets/js/easy_background.js]
[shreethemes.in/doctris/layouts/assets/js/select2.min.js]
[shreethemes.in/doctris/layouts/assets/js/select2.init.js]
[shreethemes.in/doctris/layouts/assets/js/flatpickr.min.js]
[shreethemes.in/doctris/layouts/assets/js/flatpickr.init.js]
[shreethemes.in/doctris/layouts/assets/js/jquery.timepicker.min.js]
[shreethemes.in/doctris/layouts/assets/js/timepicker.init.js]
[shreethemes.in/doctris/layouts/assets/js/feather.min.js]
[shreethemes.in/doctris/layouts/assets/js/app.js]
[shreethemes.in/doctris/layouts/assets/images/bg/03.jpg]
[shreethemes.in/doctris/layouts/landing/index-three.html]
[shreethemes.in/doctris/layouts/assets/css/bootstrap.min.css]
[shreethemes.in/doctris/layouts/assets/css/tiny-slider.css]
[shreethemes.in/doctris/layouts/assets/css/select2.min.css]
[shreethemes.in/doctris/layouts/assets/css/flatpickr.min.css]
[shreethemes.in/doctris/layouts/assets/css/jquery.timepicker.min.css]
[shreethemes.in/doctris/layouts/assets/css/materialdesignicons.min.css]
[shreethemes.in/doctris/layouts/assets/css/remixicon.css]
[unicons.iconscout.com/release/v3.0.6/css/line.css]
[shreethemes.in/doctris/layouts/assets/css/style.min.css]
[shreethemes.in/doctris/layouts/assets/images/bg/01.jpg]
[shreethemes.in/doctris/layouts/assets/images/doctors/05.jpg]
[shreethemes.in/doctris/layouts/assets/images/doctors/06.jpg]
[shreethemes.in/doctris/layouts/assets/images/blog/01.jpg]
[shreethemes.in/doctris/layouts/assets/images/blog/02.jpg]
[shreethemes.in/doctris/layouts/assets/images/blog/03.jpg]
[shreethemes.in/doctris/layouts/assets/js/counter.init.js]
[shreethemes.in/doctris/layouts/landing/index.html]
[shreethemes.in/doctris/layouts/assets/images/doctors/dr-profile.png]
[shreethemes.in/doctris/layouts/assets/images/doctors/07.jpg]
[shreethemes.in/doctris/layouts/assets/images/doctors/08.jpg]
[shreethemes.in/doctris/layouts/landing/doctor-profile.html]
[shreethemes.in/doctris/layouts/assets/images/doctors/profile-bg.jpg]
[shreethemes.in/doctris/layouts/assets/images/client/07.jpg]
[shreethemes.in/doctris/layouts/assets/images/client/08.jpg]
[shreethemes.in/doctris/layouts/assets/images/client/09.jpg]
[shreethemes.in/doctris/layouts/assets/images/client/10.jpg]
[shreethemes.in/doctris/layouts/assets/js/areachart.init.js]
[shreethemes.in/doctris/layouts/landing/doctor-dashboard.html]
[shreethemes.in/doctris/layouts/landing/doctor-profile-setting.html]
[shreethemes.in/doctris/layouts/assets/images/bg/bg-lines-one.png]
[shreethemes.in/doctris/layouts/landing/login.html]
[shreethemes.in/doctris/layouts/assets/js/apexcharts.min.js]
[shreethemes.in/doctris/layouts/assets/images/hero.png]
[shreethemes.in/doctris/layouts/assets/images/cta.jpg]
[shreethemes.in/doctris/layouts/landing/index-two.html]
[shreethemes.in/doctris/layouts/landing/doctor-appointment.html]
[shreethemes.in/doctris/layouts/landing/patient-list.html]
[shreethemes.in/doctris/layouts/assets/css/fullcalendar.min.css]
[shreethemes.in/doctris/layouts/assets/js/fullcalendar.init.js]
[shreethemes.in/doctris/layouts/landing/doctor-schedule.html]
[shreethemes.in/doctris/layouts/landing/invoices.html]
[shreethemes.in/doctris/layouts/landing/patient-review.html]
[shreethemes.in/doctris/layouts/assets/js/fullcalendar.min.js]
[shreethemes.in/doctris/layouts/landing/doctor-messages.html]
[shreethemes.in/doctris/layouts/assets/css/simplebar.css]
[shreethemes.in/doctris/layouts/assets/images/bg/bg-chat.png]
[shreethemes.in/doctris/layouts/assets/js/ckeditor.js]
[shreethemes.in/doctris/layouts/landing/doctor-chat.html]
[shreethemes.in/doctris/layouts/landing/signup.html]
[shreethemes.in/doctris/layouts/landing/forgot-password.html]
[shreethemes.in/doctris/layouts/landing/doctor-team-one.html]
[shreethemes.in/doctris/layouts/landing/doctor-team-two.html]
[shreethemes.in/doctris/layouts/landing/doctor-team-three.html]
[shreethemes.in/doctris/layouts/assets/js/simplebar.min.js]
[shreethemes.in/doctris/layouts/assets/images/payment/mastercard.png]
[shreethemes.in/doctris/layouts/assets/images/payment/discover.png]
[shreethemes.in/doctris/layouts/assets/images/payment/rupay.png]
[shreethemes.in/doctris/layouts/assets/images/payment/american.png]
[shreethemes.in/doctris/layouts/assets/js/radialchartinit.js]
[shreethemes.in/doctris/layouts/landing/patient-dashboard.html]
[shreethemes.in/doctris/layouts/assets/images/bg/bg-profile.jpg]
[shreethemes.in/doctris/layouts/landing/patient-profile.html]
[shreethemes.in/doctris/layouts/landing/booking-appointment.html]
[shreethemes.in/doctris/layouts/landing/patient-invoice.html]
[shreethemes.in/doctris/layouts/assets/images/bg/slider01.jpg]
[shreethemes.in/doctris/layouts/assets/images/bg/slider02.jpg]
[shreethemes.in/doctris/layouts/assets/images/bg/slider03.jpg]
[shreethemes.in/doctris/layouts/assets/images/pharmacy/skin.jpg]
[shreethemes.in/doctris/layouts/assets/images/pharmacy/sexual.jpg]
[shreethemes.in/doctris/layouts/assets/images/pharmacy/weight.jpg]
[shreethemes.in/doctris/layouts/assets/images/pharmacy/pain.jpg]
[shreethemes.in/doctris/layouts/assets/images/pharmacy/heart.jpg]
[shreethemes.in/doctris/layouts/assets/images/pharmacy/cough.jpg]
[shreethemes.in/doctris/layouts/assets/images/pharmacy/diabetes.jpg]
[shreethemes.in/doctris/layouts/assets/images/pharmacy/cancer.jpg]
[shreethemes.in/doctris/layouts/assets/images/pharmacy/doctor.jpg]
[shreethemes.in/doctris/layouts/assets/images/pharmacy/delivery.jpg]
[shreethemes.in/doctris/layouts/assets/images/pharmacy/download.png]
[shreethemes.in/doctris/layouts/landing/pharmacy.html]
[shreethemes.in/doctris/layouts/assets/images/bg/pharm01.jpg]
[shreethemes.in/doctris/layouts/assets/images/bg/pharm02.jpg]
[shreethemes.in/doctris/layouts/assets/images/bg/pharm03.jpg]
[shreethemes.in/doctris/layouts/assets/images/pharmacy/shop/thermometer.jpg]
[shreethemes.in/doctris/layouts/assets/images/pharmacy/shop/stethoscope.jpg]
[shreethemes.in/doctris/layouts/assets/images/pharmacy/shop/pulse-oximeter.jpg]
[shreethemes.in/doctris/layouts/assets/images/pharmacy/shop/medicine.jpg]
[shreethemes.in/doctris/layouts/assets/images/pharmacy/shop/smoking-habit.jpg]
[shreethemes.in/doctris/layouts/assets/images/pharmacy/shop/sanitizer.jpg]
[shreethemes.in/doctris/layouts/assets/images/pharmacy/shop/nicotex.jpg]
[shreethemes.in/doctris/layouts/assets/images/pharmacy/shop/medigrip.jpg]
[shreethemes.in/doctris/layouts/assets/images/pharmacy/cta.jpg]
[shreethemes.in/doctris/layouts/assets/images/pharmacy/shop/masks.jpg]
[shreethemes.in/doctris/layouts/assets/images/pharmacy/shop/handwash.jpg]
[shreethemes.in/doctris/layouts/assets/images/pharmacy/shop/herbal-care.jpg]
[shreethemes.in/doctris/layouts/assets/images/pharmacy/shop/medical-equptment.jpg]
[shreethemes.in/doctris/layouts/assets/images/pharmacy/shop/praganews.jpg]
[shreethemes.in/doctris/layouts/assets/images/pharmacy/shop/ashwagandha.jpg]
[shreethemes.in/doctris/layouts/assets/images/pharmacy/shop/beby-products.jpg]
[shreethemes.in/doctris/layouts/assets/images/pharmacy/shop/kidney-tray.jpg]
[shreethemes.in/doctris/layouts/landing/pharmacy-shop.html]
[shreethemes.in/doctris/layouts/assets/css/slick.css]
[shreethemes.in/doctris/layouts/assets/css/slick-theme.css]
[shreethemes.in/doctris/layouts/assets/images/pharmacy/shop/01.jpg]
[shreethemes.in/doctris/layouts/assets/images/pharmacy/shop/02.jpg]
[shreethemes.in/doctris/layouts/assets/images/pharmacy/shop/03.jpg]
[shreethemes.in/doctris/layouts/assets/images/pharmacy/shop/04.jpg]
[shreethemes.in/doctris/layouts/assets/js/slick.min.js]
[shreethemes.in/doctris/layouts/assets/js/slick.init.js]
[shreethemes.in/doctris/layouts/landing/pharmacy-product-detail.html]
[shreethemes.in/doctris/layouts/assets/images/pharmacy/shop/diabend.jpg]
[shreethemes.in/doctris/layouts/assets/images/pharmacy/shop/facewash.jpg]
[shreethemes.in/doctris/layouts/landing/pharmacy-shop-cart.html]
[shreethemes.in/doctris/layouts/landing/pharmacy-checkout.html]
[shreethemes.in/doctris/layouts/landing/pharmacy-account.html]
[shreethemes.in/doctris/layouts/assets/images/bg/about.jpg]
[shreethemes.in/doctris/layouts/landing/aboutus.html]
[shreethemes.in/doctris/layouts/assets/images/bg/department.jpg]
[shreethemes.in/doctris/layouts/landing/departments.html]
[shreethemes.in/doctris/layouts/landing/faqs.html]
[shreethemes.in/doctris/layouts/assets/images/bg/02.jpg]
[shreethemes.in/doctris/layouts/assets/images/blog/04.jpg]
[shreethemes.in/doctris/layouts/assets/images/blog/05.jpg]
[shreethemes.in/doctris/layouts/assets/images/blog/06.jpg]
[shreethemes.in/doctris/layouts/assets/images/blog/07.jpg]
[shreethemes.in/doctris/layouts/assets/images/blog/08.jpg]
[shreethemes.in/doctris/layouts/assets/images/blog/09.jpg]
[shreethemes.in/doctris/layouts/landing/blogs.html]
[shreethemes.in/doctris/layouts/assets/images/blog/single.jpg]
[shreethemes.in/doctris/layouts/landing/blog-detail.html]
[shreethemes.in/doctris/layouts/landing/terms.html]
[shreethemes.in/doctris/layouts/landing/privacy.html]
[shreethemes.in/doctris/layouts/landing/error.html]
[shreethemes.in/doctris/layouts/assets/js/contact.js]
[shreethemes.in/doctris/layouts/landing/contact.html]
[shreethemes.in/doctris/layouts/assets/css/fullcalendar.min.css]
[shreethemes.in/doctris/layouts/assets/css/simplebar.css]
[shreethemes.in/doctris/layouts/landing/doctor-with-map-one.html]
[shreethemes.in/doctris/layouts/landing/doctor-with-map-two.html]
[shreethemes.in/doctris/layouts/landing/review.html]
[shreethemes.in/doctris/layouts/landing/pricing.html]
[shreethemes.in/doctris/layouts/landing/tears.html]
[shreethemes.in/doctris/layouts/landing/blank-page.html]
[shreethemes.in/doctris/layouts/landing/comingsoon.html]
[shreethemes.in/doctris/layouts/landing/maintenance.html]
[shreethemes.in/doctris/layouts/assets/css/slick.css]
[shreethemes.in/doctris/layouts/assets/fonts/ajax-loader.gif]
[shreethemes.in/doctris/layouts/assets/css/slick-theme.css]
[shreethemes.in/doctris/layouts/assets/css/fonts/slick.html]
[shreethemes.in/doctris/layouts/assets/css/fonts/slickd41d.html]
[shreethemes.in/doctris/layouts/assets/css/fonts/slick-2.html]
